-- Install core dependencies
CREATE EXTENSION IF NOT EXISTS pgcrypto;
CREATE SCHEMA IF NOT EXISTS pgb_session;
CREATE TABLE IF NOT EXISTS pgb_session.session (
    id UUID PRIMARY KEY DEFAULT gen_random_uuid(),
    created_at TIMESTAMPTZ NOT NULL DEFAULT now(),
    current_url TEXT NOT NULL,
    state JSONB NOT NULL DEFAULT '{}'::jsonb,
    focus UUID
);
CREATE TABLE IF NOT EXISTS pgb_session.history (
    session_id UUID NOT NULL REFERENCES pgb_session.session(id) ON DELETE CASCADE,
    n INT NOT NULL,
    url TEXT NOT NULL,
    ts TIMESTAMPTZ NOT NULL DEFAULT now(),
    PRIMARY KEY(session_id, n)
);
CREATE OR REPLACE FUNCTION pgb_session.open(p_url TEXT)
RETURNS UUID
LANGUAGE plpgsql
AS $$
DECLARE
    sid UUID;
BEGIN
    INSERT INTO pgb_session.session(current_url)
    VALUES (p_url)
    RETURNING id INTO sid;

    INSERT INTO pgb_session.history(session_id, n, url)
    VALUES (sid, 1, p_url);

    RETURN sid;
END;
$$;
-- Open a new session and ensure an ID is returned
SELECT pgb_session.open('pgb://local/demo') IS NOT NULL AS opened;
 opened 
--------
 t
(1 row)

-- Verify session table has one row
SELECT count(*) AS session_count FROM pgb_session.session;
 session_count 
---------------
             1
(1 row)

-- Verify history table has one entry
SELECT count(*) AS history_count FROM pgb_session.history;
 history_count 
---------------
             1
(1 row)

